I'm sorry, but errors were detected in your script. Please correct the
errors listed below, and try again.


File "game/battle.rpy", line 22: keyword argument 'xsize' appears more than once in a frame statement.
    xsize 200
         ^

Ren'Py Version: Ren'Py 8.3.7.25031702
Sun Jun 22 16:08:05 2025
